// Jest Snapshot v1, https://goo.gl/fbAQLP

exports[`1.atoms/link rendering props should render 1`] = `
<cu-link href="test">
  <!---->
  <a class="link" href="test">
    Test
  </a>
</cu-link>
`;

exports[`1.atoms/link rendering props should render image only 1`] = `
<cu-link href="test">
  <!---->
  <a class="link" href="test">
    Test
  </a>
</cu-link>
`;
